<?xml version="1.0" encoding="utf-8"?><testsuites><testsuite errors="0" failures="0" hostname="MacBook-Pro-2.local" name="pytest" skipped="0" tests="7" time="12.490" timestamp="2020-09-10T14:52:31.276350"><testcase classname="tests.sportscar.body.test_body.BodyTests" file="tests/sportscar/body/test_body.py" line="6" name="test_can_navigate_to_body_page" time="3.480"></testcase><testcase classname="tests.sportscar.body.test_body.BodyTests" file="tests/sportscar/body/test_body.py" line="11" name="test_body_functions_as_expected" time="0.000"></testcase><testcase classname="tests.sportscar.body.test_body.BodyTests" file="tests/sportscar/body/test_body.py" line="14" name="test_windshield" time="0.000"></testcase><testcase classname="tests.sportscar.body.test_body.BodyTests" file="tests/sportscar/body/test_body.py" line="17" name="test_bumber" time="0.000"></testcase><testcase classname="tests.sportscar.engine.test_engine" file="tests/sportscar/engine/test_engine.py" line="2" name="test_engine_functions_as_expected" time="0.000"></testcase><testcase classname="tests.sportscar.engine.test_engine" file="tests/sportscar/engine/test_engine.py" line="8" name="test_can_navigate_to_engine_page" time="3.108"></testcase><testcase classname="tests.sportscar.entertainment.test_entertainment" file="tests/sportscar/entertainment/test_entertainment.py" line="2" name="test_can_navigate_to_entertainment_page" time="5.866"></testcase></testsuite></testsuites>